BL51 BANKED LINKER/LOCATER V6.22                                                        05/12/2021  14:42:11  PAGE 1


BL51 BANKED LINKER/LOCATER V6.22, INVOKED BY:
D:\MDK5\C51\BIN\BL51.EXE main.obj TO QX_A11D2方案参考程序 RAMSIZE (256)


MEMORY MODEL: SMALL WITH FLOATING POINT ARITHMETIC


INPUT MODULES INCLUDED:
  main.obj (MAIN)
  D:\MDK5\C51\LIB\C51FPS.LIB (?C?FPMUL)
  D:\MDK5\C51\LIB\C51FPS.LIB (?C?FCAST)
  D:\MDK5\C51\LIB\C51FPS.LIB (?C?CASTF)
  D:\MDK5\C51\LIB\C51FPS.LIB (?C?FPGETOPN)
  D:\MDK5\C51\LIB\C51S.LIB (?C_STARTUP)
  D:\MDK5\C51\LIB\C51S.LIB (?C?LNEG)
  D:\MDK5\C51\LIB\C51S.LIB (?C_INIT)


LINK MAP OF MODULE:  QX_A11D2方案参考程序 (MAIN)


            TYPE    BASE      LENGTH    RELOCATION   SEGMENT NAME
            -----------------------------------------------------

            * * * * * * *   D A T A   M E M O R Y   * * * * * * *
            REG     0000H     0008H     ABSOLUTE     "REG BANK 0"
            DATA    0008H     0004H     UNIT         _DATA_GROUP_
                    000CH     0014H                  *** GAP ***
            BIT     0020H.0   0000H.1   UNIT         ?BI?MAIN
                    0020H.1   0000H.7                *** GAP ***
            DATA    0021H     0019H     UNIT         ?DT?MAIN
            IDATA   003AH     0001H     UNIT         ?STACK

            * * * * * * *   C O D E   M E M O R Y   * * * * * * *
            CODE    0000H     0003H     ABSOLUTE     
                    0003H     0008H                  *** GAP ***
            CODE    000BH     0003H     ABSOLUTE     
                    000EH     0005H                  *** GAP ***
            CODE    0013H     0003H     ABSOLUTE     
                    0016H     0005H                  *** GAP ***
            CODE    001BH     0003H     ABSOLUTE     
                    001EH     07E2H                  *** GAP ***
            CODE    0800H     01D3H     UNIT         ?C?LIB_CODE
            CODE    09D3H     008CH     UNIT         ?C_C51STARTUP
            CODE    0A5FH     0065H     UNIT         ?PR?QXMBOT_GETDISTANCE?MAIN
            CODE    0AC4H     0057H     UNIT         ?PR?EXINT1?MAIN
            CODE    0B1BH     0057H     UNIT         ?PR?LOADPWM?MAIN
            CODE    0B72H     0050H     UNIT         ?PR?MAIN?MAIN
            CODE    0BC2H     004CH     UNIT         ?PR?_ULT_IRAVOID?MAIN
            CODE    0C0EH     003DH     UNIT         ?PR?_ULT_TRAKAVOID?MAIN
            CODE    0C4BH     0036H     UNIT         ?PR?TRACKING?MAIN
            CODE    0C81H     002CH     UNIT         ?PR?_ULTRASONICAVOID?MAIN
            CODE    0CADH     001FH     UNIT         ?C_INITSEG
            CODE    0CCCH     001BH     UNIT         ?PR?QXMBOT_TRIGULTRASONIC?MAIN
            CODE    0CE7H     0017H     UNIT         ?PR?_DELAY_MS?MAIN
            CODE    0CFEH     0011H     UNIT         ?PR?_FORWARD?MAIN
            CODE    0D0FH     0010H     UNIT         ?PR?TIMER0_INT?MAIN
            CODE    0D1FH     000EH     UNIT         ?PR?TIMER0_INIT?MAIN
BL51 BANKED LINKER/LOCATER V6.22                                                      05/12/2021  14:42:11  PAGE 2


            CODE    0D2DH     000DH     UNIT         ?PR?_LEFT_RUN?MAIN
            CODE    0D3AH     000DH     UNIT         ?PR?_RIGHT_RUN?MAIN
            CODE    0D47H     000DH     UNIT         ?PR?_BACK_RUN?MAIN
            CODE    0D54H     000BH     UNIT         ?PR?TIMER1_INIT?MAIN
            CODE    0D5FH     0009H     UNIT         ?PR?STOP?MAIN
            CODE    0D68H     0005H     UNIT         ?PR?TM1_ISR?MAIN



OVERLAY MAP OF MODULE:   QX_A11D2方案参考程序 (MAIN)


SEGMENT                                  DATA_GROUP 
  +--> CALLED SEGMENT                  START    LENGTH
------------------------------------------------------
?PR?EXINT1?MAIN                        -----    -----
  +--> ?PR?STOP?MAIN
  +--> ?PR?_DELAY_MS?MAIN

*** NEW ROOT ***************************************************

?PR?TIMER0_INT?MAIN                    -----    -----
  +--> ?PR?LOADPWM?MAIN

*** NEW ROOT ***************************************************

?C_C51STARTUP                          -----    -----
  +--> ?PR?MAIN?MAIN
  +--> ?C_INITSEG

?PR?MAIN?MAIN                          -----    -----
  +--> ?PR?TIMER0_INIT?MAIN
  +--> ?PR?TIMER1_INIT?MAIN
  +--> ?PR?_ULTRASONICAVOID?MAIN
  +--> ?PR?_ULT_IRAVOID?MAIN
  +--> ?PR?_ULT_TRAKAVOID?MAIN
  +--> ?PR?TRACKING?MAIN
  +--> ?PR?STOP?MAIN

?PR?_ULTRASONICAVOID?MAIN              0008H    0002H
  +--> ?PR?QXMBOT_GETDISTANCE?MAIN
  +--> ?PR?_FORWARD?MAIN
  +--> ?PR?_DELAY_MS?MAIN

?PR?QXMBOT_GETDISTANCE?MAIN            -----    -----
  +--> ?PR?STOP?MAIN
  +--> ?PR?_DELAY_MS?MAIN
  +--> ?PR?_BACK_RUN?MAIN
  +--> ?PR?_LEFT_RUN?MAIN
  +--> ?PR?QXMBOT_TRIGULTRASONIC?MAIN

?PR?_ULT_IRAVOID?MAIN                  0008H    0002H
  +--> ?PR?_LEFT_RUN?MAIN
  +--> ?PR?_RIGHT_RUN?MAIN
  +--> ?PR?QXMBOT_GETDISTANCE?MAIN
  +--> ?PR?_FORWARD?MAIN
  +--> ?PR?_DELAY_MS?MAIN
BL51 BANKED LINKER/LOCATER V6.22                                                      05/12/2021  14:42:11  PAGE 3



?PR?_ULT_TRAKAVOID?MAIN                0008H    0004H
  +--> ?PR?TRACKING?MAIN
  +--> ?PR?QXMBOT_GETDISTANCE?MAIN
  +--> ?PR?STOP?MAIN

?PR?TRACKING?MAIN                      -----    -----
  +--> ?PR?_FORWARD?MAIN
  +--> ?PR?_LEFT_RUN?MAIN
  +--> ?PR?_RIGHT_RUN?MAIN
  +--> ?PR?STOP?MAIN



SYMBOL TABLE OF MODULE:  QX_A11D2方案参考程序 (MAIN)

  VALUE           TYPE          NAME
  ----------------------------------

  -------         MODULE        MAIN
  C:0000H         SYMBOL        _ICE_DUMMY_
  D:0090H         PUBLIC        P1
  C:0D0FH         PUBLIC        timer0_int
  D:00A0H         PUBLIC        P2
  C:0CCCH         PUBLIC        QXMBOT_TrigUltrasonic
  D:00B0H         PUBLIC        P3
  B:00A8H.7       PUBLIC        EA
  B:0090H.6       PUBLIC        LED1
  B:0090H.7       PUBLIC        LED2
  D:0021H         PUBLIC        pwm_val_left
  D:00A8H         PUBLIC        IE
  B:0020H.0       PUBLIC        Timer1Overflow
  C:0A89H         PUBLIC        QXMBOT_GetDistance
  C:0CE7H         PUBLIC        _Delay_Ms
  D:00B8H         PUBLIC        IP
  B:00A0H.2       PUBLIC        beep
  C:0C81H         PUBLIC        _UltrasonicAvoid
  C:0B72H         PUBLIC        main
  D:0022H         PUBLIC        mode
  B:00A0H.0       PUBLIC        EchoPin
  C:0D1FH         PUBLIC        Timer0_Init
  C:0D54H         PUBLIC        Timer1_Init
  D:0023H         PUBLIC        RightDistance
  D:0098H         PUBLIC        SCON
  D:0025H         PUBLIC        DistBuf
  D:0089H         PUBLIC        TMOD
  D:0088H         PUBLIC        TCON
  C:0C4BH         PUBLIC        Tracking
  D:002FH         PUBLIC        FrontDistance
  D:0031H         PUBLIC        LeftDistance
  B:00A0H.1       PUBLIC        TrigPin
  C:0D68H         PUBLIC        tm1_isr
  C:0D5FH         PUBLIC        stop
  B:0090H.4       PUBLIC        IN1
  B:0090H.3       PUBLIC        IN2
  B:00A8H.1       PUBLIC        ET0
  C:0D47H         PUBLIC        _back_run
BL51 BANKED LINKER/LOCATER V6.22                                                      05/12/2021  14:42:11  PAGE 4


  B:0090H.2       PUBLIC        IN3
  B:00A8H.3       PUBLIC        ET1
  B:0090H.1       PUBLIC        IN4
  D:008CH         PUBLIC        TH0
  D:008DH         PUBLIC        TH1
  B:00A8H.2       PUBLIC        EX1
  B:0088H.2       PUBLIC        IT1
  D:008AH         PUBLIC        TL0
  D:008BH         PUBLIC        TL1
  B:0088H.4       PUBLIC        TR0
  D:0033H         PUBLIC        pwm_right
  B:0088H.6       PUBLIC        TR1
  C:0D3AH         PUBLIC        _right_run
  B:0090H.0       PUBLIC        Right_moto_pwm
  C:0AC4H         PUBLIC        exint1
  C:0C0EH         PUBLIC        _ULT_TrakAvoid
  D:0034H         PUBLIC        pwm_left
  C:0D2DH         PUBLIC        _left_run
  B:0090H.5       PUBLIC        Left_moto_pwm
  D:0035H         PUBLIC        disbuff
  D:00C8H         PUBLIC        T2CON
  C:0BC2H         PUBLIC        _ULT_IRAvoid
  B:00B0H.3       PUBLIC        KEY
  B:00B0H.4       PUBLIC        right_led1
  B:00B0H.7       PUBLIC        right_led2
  B:00B0H.5       PUBLIC        left_led1
  B:00B0H.6       PUBLIC        left_led2
  C:0B1BH         PUBLIC        LoadPWM
  C:0D02H         PUBLIC        _forward
  D:00D0H         PUBLIC        PSW
  D:0039H         PUBLIC        pwm_val_right
  -------         PROC          MAIN
  C:0B72H         LINE#         52
  C:0B72H         LINE#         53
  C:0B72H         LINE#         54
  C:0B75H         LINE#         55
  C:0B78H         LINE#         56
  C:0B7AH         LINE#         57
  C:0B7CH         LINE#         58
  C:0B7EH         LINE#         59
  C:0B7EH         LINE#         60
  C:0B7EH         LINE#         61
  C:0B8DH         LINE#         62
  C:0B8DH         LINE#         63
  C:0B9AH         LINE#         64
  C:0BA7H         LINE#         65
  C:0BB4H         LINE#         66
  C:0BBDH         LINE#         67
  -------         ENDPROC       MAIN
  -------         PROC          EXINT1
  C:0AC4H         LINE#         72
  C:0AE1H         LINE#         74
  C:0AE4H         LINE#         75
  C:0AE4H         LINE#         76
  C:0AE7H         LINE#         77
  C:0AEEH         LINE#         78
  C:0AF1H         LINE#         79
BL51 BANKED LINKER/LOCATER V6.22                                                      05/12/2021  14:42:11  PAGE 5


  C:0AF1H         LINE#         80
  C:0AF3H         LINE#         81
  C:0AF6H         LINE#         82
  C:0AF6H         LINE#         83
  C:0AF6H         LINE#         84
  C:0B00H         LINE#         85
  -------         ENDPROC       EXINT1
  C:0CFEH         SYMBOL        L?0087
  -------         PROC          L?0086
  -------         ENDPROC       L?0086
  C:0CFEH         SYMBOL        L?0087
  -------         PROC          _FORWARD
  D:0007H         SYMBOL        LeftSpeed
  D:0005H         SYMBOL        RightSpeed
  C:0D02H         LINE#         93
  C:0D02H         LINE#         94
  C:0D02H         LINE#         95
  C:0D06H         LINE#         96
  C:0D0AH         LINE#         97
  C:0D0EH         LINE#         98
  -------         ENDPROC       _FORWARD
  -------         PROC          _LEFT_RUN
  D:0007H         SYMBOL        LeftSpeed
  D:0005H         SYMBOL        RightSpeed
  C:0D2DH         LINE#         106
  C:0D2DH         LINE#         107
  C:0D2DH         LINE#         108
  C:0D31H         LINE#         109
  C:0D35H         LINE#         110
  C:0D39H         LINE#         111
  -------         ENDPROC       _LEFT_RUN
  -------         PROC          _RIGHT_RUN
  D:0007H         SYMBOL        LeftSpeed
  D:0005H         SYMBOL        RightSpeed
  C:0D3AH         LINE#         119
  C:0D3AH         LINE#         120
  C:0D3AH         LINE#         121
  C:0D3EH         LINE#         122
  C:0D42H         LINE#         123
  C:0D46H         LINE#         124
  -------         ENDPROC       _RIGHT_RUN
  -------         PROC          _BACK_RUN
  D:0007H         SYMBOL        LeftSpeed
  D:0005H         SYMBOL        RightSpeed
  C:0D47H         LINE#         131
  C:0D47H         LINE#         132
  C:0D47H         LINE#         133
  C:0D4BH         LINE#         134
  C:0D4FH         LINE#         135
  C:0D53H         LINE#         136
  -------         ENDPROC       _BACK_RUN
  -------         PROC          STOP
  C:0D5FH         LINE#         143
  C:0D5FH         LINE#         144
  C:0D5FH         LINE#         145
  C:0D63H         LINE#         146
  C:0D67H         LINE#         147
BL51 BANKED LINKER/LOCATER V6.22                                                      05/12/2021  14:42:11  PAGE 6


  -------         ENDPROC       STOP
  -------         PROC          _DELAY_MS
  D:0006H         SYMBOL        ms
  -------         DO            
  D:0004H         SYMBOL        i
  -------         ENDDO         
  C:0CE7H         LINE#         154
  C:0CE7H         LINE#         155
  C:0CE7H         LINE#         157
  C:0CE7H         LINE#         158
  C:0CEBH         LINE#         159
  C:0CF4H         LINE#         160
  C:0CFDH         LINE#         161
  -------         ENDPROC       _DELAY_MS
  -------         PROC          LOADPWM
  C:0B1BH         LINE#         168
  C:0B1BH         LINE#         169
  C:0B1BH         LINE#         170
  C:0B25H         LINE#         171
  C:0B2FH         LINE#         172
  C:0B39H         LINE#         173
  C:0B43H         LINE#         174
  C:0B4EH         LINE#         175
  C:0B50H         LINE#         176
  C:0B5AH         LINE#         178
  C:0B65H         LINE#         179
  C:0B67H         LINE#         180
  C:0B71H         LINE#         181
  -------         ENDPROC       LOADPWM
  -------         PROC          QXMBOT_TRIGULTRASONIC
  C:0CCCH         LINE#         183
  C:0CCCH         LINE#         184
  C:0CCCH         LINE#         185
  C:0CCEH         LINE#         186
  C:0CCFH         LINE#         187
  C:0CD0H         LINE#         188
  C:0CD1H         LINE#         189
  C:0CD2H         LINE#         190
  C:0CD3H         LINE#         191
  C:0CD5H         LINE#         192
  C:0CDAH         LINE#         193
  C:0CDFH         LINE#         194
  C:0CE4H         LINE#         195
  C:0CE6H         LINE#         196
  -------         ENDPROC       QXMBOT_TRIGULTRASONIC
  C:0A82H         SYMBOL        L?0084
  C:0A84H         SYMBOL        L?0085
  -------         PROC          L?0083
  -------         ENDPROC       L?0083
  C:0A82H         SYMBOL        L?0084
  C:0A84H         SYMBOL        L?0085
  -------         PROC          QXMBOT_GETDISTANCE
  -------         DO            
  D:0006H         SYMBOL        Distance
  D:0004H         SYMBOL        Time
  -------         ENDDO         
  C:0A89H         LINE#         206
BL51 BANKED LINKER/LOCATER V6.22                                                      05/12/2021  14:42:11  PAGE 7


  C:0A89H         LINE#         207
  C:0A89H         LINE#         208
  C:0A8CH         LINE#         209
  C:0A8EH         LINE#         210
  C:0A91H         LINE#         211
  C:0A94H         LINE#         212
  C:0A96H         LINE#         213
  C:0A99H         LINE#         214
  C:0A9BH         LINE#         215
  C:0AA9H         LINE#         216
  C:0AACH         LINE#         217
  C:0AAEH         LINE#         218
  C:0AC3H         LINE#         219
  C:0AC3H         LINE#         220
  -------         ENDPROC       QXMBOT_GETDISTANCE
  -------         PROC          _ULTRASONICAVOID
  D:0008H         SYMBOL        val
  -------         DO            
  D:0006H         SYMBOL        Dis
  -------         ENDDO         
  C:0C81H         LINE#         228
  C:0C85H         LINE#         229
  C:0C85H         LINE#         231
  C:0C87H         LINE#         232
  C:0C8AH         LINE#         233
  C:0C93H         LINE#         234
  C:0C93H         LINE#         235
  C:0C93H         LINE#         236
  C:0C93H         LINE#         237
  C:0C93H         LINE#         238
  C:0C93H         LINE#         239
  C:0C93H         LINE#         240
  C:0C93H         LINE#         241
  C:0C93H         LINE#         242
  C:0C93H         LINE#         243
  C:0C93H         LINE#         244
  C:0C96H         LINE#         245
  C:0C9FH         LINE#         246
  C:0CA2H         LINE#         247
  C:0CA9H         LINE#         248
  C:0CA9H         LINE#         250
  C:0CA9H         LINE#         251
  C:0CACH         LINE#         252
  C:0CACH         LINE#         253
  -------         ENDPROC       _ULTRASONICAVOID
  -------         PROC          _ULT_TRAKAVOID
  D:0008H         SYMBOL        val
  -------         DO            
  D:000AH         SYMBOL        i
  D:0006H         SYMBOL        Dis
  -------         ENDDO         
  C:0C0EH         LINE#         261
  C:0C12H         LINE#         262
  C:0C12H         LINE#         265
  C:0C2BH         LINE#         266
  C:0C2EH         LINE#         267
  C:0C37H         LINE#         268
BL51 BANKED LINKER/LOCATER V6.22                                                      05/12/2021  14:42:11  PAGE 8


  C:0C37H         LINE#         269
  C:0C37H         LINE#         270
  C:0C3AH         LINE#         271
  C:0C3CH         LINE#         272
  C:0C3CH         LINE#         273
  C:0C3FH         LINE#         274
  C:0C48H         LINE#         275
  C:0C4AH         LINE#         276
  C:0C4AH         LINE#         277
  -------         ENDPROC       _ULT_TRAKAVOID
  -------         PROC          _ULT_IRAVOID
  D:0008H         SYMBOL        val
  -------         DO            
  D:0006H         SYMBOL        Dis
  D:0002H         SYMBOL        i
  -------         ENDDO         
  C:0BC2H         LINE#         286
  C:0BC6H         LINE#         287
  C:0BC6H         LINE#         290
  C:0BC9H         LINE#         291
  C:0BC9H         LINE#         292
  C:0BCCH         LINE#         293
  C:0BCCH         LINE#         294
  C:0BD3H         LINE#         295
  C:0BD3H         LINE#         296
  C:0BD6H         LINE#         297
  C:0BD6H         LINE#         298
  C:0BDDH         LINE#         299
  C:0BDDH         LINE#         300
  C:0BE8H         LINE#         301
  C:0BEBH         LINE#         302
  C:0BF4H         LINE#         303
  C:0BF4H         LINE#         304
  C:0BF4H         LINE#         305
  C:0BF4H         LINE#         306
  C:0BF4H         LINE#         307
  C:0BF4H         LINE#         308
  C:0BF4H         LINE#         309
  C:0BF4H         LINE#         310
  C:0BF4H         LINE#         311
  C:0BF4H         LINE#         312
  C:0BF4H         LINE#         313
  C:0BF7H         LINE#         314
  C:0C00H         LINE#         315
  C:0C03H         LINE#         316
  C:0C0AH         LINE#         317
  C:0C0AH         LINE#         319
  C:0C0AH         LINE#         320
  C:0C0DH         LINE#         321
  C:0C0DH         LINE#         322
  -------         ENDPROC       _ULT_IRAVOID
  -------         PROC          TRACKING
  -------         DO            
  D:0006H         SYMBOL        data1
  D:0007H         SYMBOL        data2
  D:0006H         SYMBOL        data3
  -------         ENDDO         
BL51 BANKED LINKER/LOCATER V6.22                                                      05/12/2021  14:42:11  PAGE 9


  C:0C4BH         LINE#         323
  C:0C4BH         LINE#         324
  C:0C4BH         LINE#         326
  C:0C55H         LINE#         327
  C:0C5CH         LINE#         328
  C:0C5FH         LINE#         329
  C:0C5FH         LINE#         330
  C:0C66H         LINE#         331
  C:0C66H         LINE#         333
  C:0C66H         LINE#         334
  C:0C69H         LINE#         335
  C:0C69H         LINE#         336
  C:0C70H         LINE#         337
  C:0C70H         LINE#         338
  C:0C73H         LINE#         339
  C:0C73H         LINE#         340
  C:0C7AH         LINE#         341
  C:0C7AH         LINE#         342
  C:0C7DH         LINE#         343
  C:0C7DH         LINE#         344
  C:0C80H         LINE#         345
  C:0C80H         LINE#         346
  C:0C80H         LINE#         347
  -------         ENDPROC       TRACKING
  -------         PROC          TIMER0_INIT
  C:0D1FH         LINE#         349
  C:0D1FH         LINE#         350
  C:0D1FH         LINE#         351
  C:0D22H         LINE#         352
  C:0D25H         LINE#         353
  C:0D28H         LINE#         354
  C:0D2AH         LINE#         355
  C:0D2CH         LINE#         356
  -------         ENDPROC       TIMER0_INIT
  -------         PROC          TIMER1_INIT
  C:0D54H         LINE#         358
  C:0D54H         LINE#         359
  C:0D54H         LINE#         360
  C:0D57H         LINE#         361
  C:0D5AH         LINE#         362
  C:0D5CH         LINE#         363
  C:0D5EH         LINE#         364
  -------         ENDPROC       TIMER1_INIT
  -------         PROC          TIMER0_INT
  C:0D0FH         LINE#         367
  C:0D13H         LINE#         369
  C:0D15H         LINE#         370
  C:0D17H         LINE#         371
  C:0D1AH         LINE#         372
  -------         ENDPROC       TIMER0_INT
  -------         PROC          TM1_ISR
  C:0D68H         LINE#         374
  C:0D68H         LINE#         376
  C:0D6AH         LINE#         377
  C:0D6CH         LINE#         378
  -------         ENDPROC       TM1_ISR
  -------         ENDMOD        MAIN
BL51 BANKED LINKER/LOCATER V6.22                                                      05/12/2021  14:42:11  PAGE 10



  -------         MODULE        ?C?FPMUL
  C:0800H         PUBLIC        ?C?FPMUL
  -------         ENDMOD        ?C?FPMUL

  -------         MODULE        ?C?FCAST
  C:0910H         PUBLIC        ?C?FCASTC
  C:090BH         PUBLIC        ?C?FCASTI
  C:0906H         PUBLIC        ?C?FCASTL
  -------         ENDMOD        ?C?FCAST

  -------         MODULE        ?C?CASTF
  C:0944H         PUBLIC        ?C?CASTF
  -------         ENDMOD        ?C?CASTF

  -------         MODULE        ?C?LNEG
  C:09C5H         PUBLIC        ?C?LNEG
  -------         ENDMOD        ?C?LNEG

******************************************************************************
* RESTRICTED VERSION WITH 0800H BYTE CODE SIZE LIMIT; USED: 0316H BYTE (38%) *
******************************************************************************

Program Size: data=38.1 xdata=0 code=1401
LINK/LOCATE RUN COMPLETE.  0 WARNING(S),  0 ERROR(S)
