\BOOKMARK [1][-]{section.1}{\376\377\137\025\212\000}{}% 1
\BOOKMARK [1][-]{section.2}{\376\377\166\370\121\163\135\345\117\134}{}% 2
\BOOKMARK [2][-]{subsection.2.1}{\376\377\131\032\117\040\141\037\126\150\207\215\124\010\145\271\154\325\151\202\217\360}{section.2}% 3
\BOOKMARK [2][-]{subsection.2.2}{\376\377\0005\0001\123\125\162\107\147\072\136\163\123\360\116\012\166\204\133\236\215\365\145\131\133\146\163\260\162\266}{section.2}% 4
\BOOKMARK [1][-]{section.3}{\376\377\174\373\176\337\140\073\117\123\213\276\213\241}{}% 5
\BOOKMARK [2][-]{subsection.3.1}{\376\377\170\154\116\366\136\163\123\360}{section.3}% 6
\BOOKMARK [2][-]{subsection.3.2}{\376\377\217\157\116\366\122\006\134\102\147\266\147\204}{section.3}% 7
\BOOKMARK [1][-]{section.4}{\376\377\117\040\141\037\126\150\136\372\152\041\116\016\117\341\123\367\131\004\164\006}{}% 8
\BOOKMARK [2][-]{subsection.4.1}{\376\377\215\205\130\360\154\342\155\113\215\335\152\041\127\213\116\016\146\166\143\057\210\145\120\177}{section.4}% 9
\BOOKMARK [2][-]{subsection.4.2}{\376\377\156\321\122\250\172\227\123\343\116\055\120\074\156\344\154\342}{section.4}% 10
\BOOKMARK [2][-]{subsection.4.3}{\376\377\176\242\131\026\117\040\141\037\126\150\166\204\116\214\120\074\123\026\141\037\167\345\152\041\127\213}{section.4}% 11
\BOOKMARK [1][-]{section.5}{\376\377\131\032\117\040\141\037\126\150\207\215\124\010\173\126\165\145}{}% 12
\BOOKMARK [2][-]{subsection.5.1}{\376\377\225\356\230\230\137\142\137\017\123\026}{section.5}% 13
\BOOKMARK [2][-]{subsection.5.2}{\376\377\127\072\146\157\201\352\220\002\136\224\177\156\117\341\136\246\213\304\117\060}{section.5}% 14
\BOOKMARK [2][-]{subsection.5.3}{\376\377\116\011\176\247\117\030\121\110\176\247\116\362\210\301\147\072\122\066}{section.5}% 15
\BOOKMARK [2][-]{subsection.5.4}{\376\377\123\117\124\014\220\177\226\234\207\215\124\010\173\227\154\325}{section.5}% 16
\BOOKMARK [1][-]{section.6}{\376\377\000P\000W\000M\214\003\220\037\116\016\133\232\145\366\126\150\117\030\123\026}{}% 17
\BOOKMARK [2][-]{subsection.6.1}{\376\377\217\157\116\366\000P\000W\000M\116\016\170\154\116\366\000P\000W\000M\166\204\164\006\213\272\122\006\147\220}{section.6}% 18
\BOOKMARK [2][-]{subsection.6.2}{\376\377\123\140\172\172\153\324\133\211\121\150\226\120\136\105\147\072\122\066}{section.6}% 19
\BOOKMARK [1][-]{section.7}{\376\377\137\252\217\371\143\247\122\066\173\227\154\325}{}% 20
\BOOKMARK [2][-]{subsection.7.1}{\376\377\147\011\226\120\162\266\140\001\147\072\136\372\152\041}{section.7}% 21
\BOOKMARK [2][-]{subsection.7.2}{\376\377\135\356\220\037\153\324\123\302\145\160\117\030\123\026}{section.7}% 22
\BOOKMARK [2][-]{subsection.7.3}{\376\377\137\252\217\371\000+\220\177\226\234\166\204\123\117\124\014\173\126\165\145}{section.7}% 23
\BOOKMARK [1][-]{section.8}{\376\377\133\236\232\214\116\016\122\006\147\220}{}% 24
\BOOKMARK [2][-]{subsection.8.1}{\376\377\176\374\124\010\140\047\200\375\213\304\117\060}{section.8}% 25
\BOOKMARK [1][-]{section.9}{\376\377\140\073\176\323\116\016\134\125\147\033}{}% 26
\BOOKMARK [2][-]{subsection.9.1}{\376\377\135\345\117\134\140\073\176\323}{section.9}% 27
\BOOKMARK [2][-]{subsection.9.2}{\376\377\116\015\215\263\116\016\147\052\147\145\145\071\217\333\145\271\124\021}{section.9}% 28
